==========================================
search in TELEPORT : < prog, qs, env > =>! < emp, V:Vect, E:Env > .

V:Vect --> (a .* 1/2) . |0>(x)|0>(x)|0> + (b .* 1/2) . |0>(x)|0>(x)|1>
E:Env --> (v('q1) -> 0) (v('q2) -> 1) v('q3) -> 2

V:Vect --> (a .* 1/2) . |1>(x)|0>(x)|0> + (b .* 1/2) . |1>(x)|0>(x)|1>
E:Env --> (v('q1) -> 0) (v('q2) -> 1) v('q3) -> 2

V:Vect --> (a .* 1/2) . |0>(x)|1>(x)|0> + (b .* 1/2) . |0>(x)|1>(x)|1>
E:Env --> (v('q1) -> 0) (v('q2) -> 1) v('q3) -> 2

V:Vect --> (a .* 1/2) . |1>(x)|1>(x)|0> + (b .* 1/2) . |1>(x)|1>(x)|1>
E:Env --> (v('q1) -> 0) (v('q2) -> 1) v('q3) -> 2

No more solutions.
==========================================
reduce in TELEPORT : || (a .* 1/2) . |0>(x)|0>(x)|0> + (b .* 1/2) . |0>(x)|0>(
    x)|1> ||^2 .
result PosRat: 1/4
==========================================
reduce in TELEPORT : || (a .* 1/2) . |1>(x)|0>(x)|0> + (b .* 1/2) . |1>(x)|0>(
    x)|1> ||^2 .
result PosRat: 1/4
==========================================
reduce in TELEPORT : || (a .* 1/2) . |0>(x)|1>(x)|0> + (b .* 1/2) . |0>(x)|1>(
    x)|1> ||^2 .
result PosRat: 1/4
==========================================
reduce in TELEPORT : || (a .* 1/2) . |1>(x)|1>(x)|0> + (b .* 1/2) . |1>(x)|1>(
    x)|1> ||^2 .
result PosRat: 1/4
Bye.
